// Jest Snapshot v1, https://goo.gl/fbAQLP

exports[`<PokemonCard /> matches the snapshot 1`] = `
Object {
  "asFragment": [Function],
  "baseElement": <body>
    <div>
      <section
        class="sc-bwzfXH pcdvo"
      >
        <img
          alt="pokemon bulbasaur"
          class="sc-bdVaJa eDZiWC"
          src="https://assets.pokemon.com/assets/cms2/img/pokedex/full/001.png"
        />
        <div
          class="sc-htpNat isyJfG"
        >
          <span
            class="sc-EHOje kwEFtJ"
          >
            #
            001
          </span>
        </div>
        <div
          class="sc-bZQynM bjRqD"
        >
          <div
            class="sc-bxivhb fvCTiD"
          >
            <span
              class="sc-gzVnrw ioRBds"
              color="#68A090"
            >
              Gras,poison
            </span>
          </div>
          <div
            class="sc-ifAKCX ESkqv"
          >
            bulbasaur
          </div>
        </div>
      </section>
    </div>
  </body>,
  "container": <div>
    <section
      class="sc-bwzfXH pcdvo"
    >
      <img
        alt="pokemon bulbasaur"
        class="sc-bdVaJa eDZiWC"
        src="https://assets.pokemon.com/assets/cms2/img/pokedex/full/001.png"
      />
      <div
        class="sc-htpNat isyJfG"
      >
        <span
          class="sc-EHOje kwEFtJ"
        >
          #
          001
        </span>
      </div>
      <div
        class="sc-bZQynM bjRqD"
      >
        <div
          class="sc-bxivhb fvCTiD"
        >
          <span
            class="sc-gzVnrw ioRBds"
            color="#68A090"
          >
            Gras,poison
          </span>
        </div>
        <div
          class="sc-ifAKCX ESkqv"
        >
          bulbasaur
        </div>
      </div>
    </section>
  </div>,
  "debug": [Function],
  "findAllByAltText": [Function],
  "findAllByDisplayValue": [Function],
  "findAllByLabelText": [Function],
  "findAllByPlaceholderText": [Function],
  "findAllByRole": [Function],
  "findAllByTestId": [Function],
  "findAllByText": [Function],
  "findAllByTitle": [Function],
  "findByAltText": [Function],
  "findByDisplayValue": [Function],
  "findByLabelText": [Function],
  "findByPlaceholderText": [Function],
  "findByRole": [Function],
  "findByTestId": [Function],
  "findByText": [Function],
  "findByTitle": [Function],
  "getAllByAltText": [Function],
  "getAllByDisplayValue": [Function],
  "getAllByLabelText": [Function],
  "getAllByPlaceholderText": [Function],
  "getAllByRole": [Function],
  "getAllByTestId": [Function],
  "getAllByText": [Function],
  "getAllByTitle": [Function],
  "getByAltText": [Function],
  "getByDisplayValue": [Function],
  "getByLabelText": [Function],
  "getByPlaceholderText": [Function],
  "getByRole": [Function],
  "getByTestId": [Function],
  "getByText": [Function],
  "getByTitle": [Function],
  "queryAllByAltText": [Function],
  "queryAllByDisplayValue": [Function],
  "queryAllByLabelText": [Function],
  "queryAllByPlaceholderText": [Function],
  "queryAllByRole": [Function],
  "queryAllByTestId": [Function],
  "queryAllByText": [Function],
  "queryAllByTitle": [Function],
  "queryByAltText": [Function],
  "queryByDisplayValue": [Function],
  "queryByLabelText": [Function],
  "queryByPlaceholderText": [Function],
  "queryByRole": [Function],
  "queryByTestId": [Function],
  "queryByText": [Function],
  "queryByTitle": [Function],
  "rerender": [Function],
  "unmount": [Function],
}
`;
